#-----------------------------------------------------------
# Vivado v2019.1 (64-bit)
# SW Build 2552052 on Fri May 24 14:49:42 MDT 2019
# IP Build 2548770 on Fri May 24 18:01:18 MDT 2019
# Start of session at: Thu Jun 22 20:31:19 2023
# Process ID: 1200
# Current directory: C:/Users/admin/Desktop/учёба/PiFU/activecore-master/designs/rtl/sigma/syn/syn_1stage/NEXYS4_DDR
# Command line: vivado.exe -gui_launcher_event rodinguilauncherevent14388 C:\Users\admin\Desktop\учёба\PiFU\activecore-master\designs\rtl\sigma\syn\syn_1stage\NEXYS4_DDR\NEXYS4_DDR.xpr
# Log file: C:/Users/admin/Desktop/учёба/PiFU/activecore-master/designs/rtl/sigma/syn/syn_1stage/NEXYS4_DDR/vivado.log
# Journal file: C:/Users/admin/Desktop/учёба/PiFU/activecore-master/designs/rtl/sigma/syn/syn_1stage/NEXYS4_DDR\vivado.jou
#-----------------------------------------------------------
start_gui
open_project C:/Users/admin/Desktop/учёба/PiFU/activecore-master/designs/rtl/sigma/syn/syn_1stage/NEXYS4_DDR/NEXYS4_DDR.xpr
update_compile_order -fileset sources_1
